 Kernel

 Timestamp is 55800402 (Tue Jun 16 04:09:54 2015)

 Preferred load address is 00100000

 Start         Length     Name                   Class
 0001:00000000 00000b9eH .text$mn                CODE
 0002:00000000 000000e4H .rdata                  DATA
 0002:000000e4 00000084H .rdata$debug            DATA
 0003:00000000 00000008H .data                   DATA
 0003:00000008 00000008H .bss                    DATA
 0004:00000000 0000000aH end                     DATA

  Address         Publics by Value              Rva+Base       Lib:Object

 0000:00000000       ___safe_se_handler_table   00000000     <absolute>
 0000:00000000       ___guard_fids_table        00000000     <absolute>
 0000:00000000       ___guard_flags             00000000     <absolute>
 0000:00000000       ___safe_se_handler_count   00000000     <absolute>
 0000:00000000       ___guard_fids_count        00000000     <absolute>
 0001:00000000       ?multiboot_entry@@YAXXZ    00100400 f   init.obj
 0001:00000050       ??3@YAXPAX@Z               00100450 f   clib.obj
 0001:00000060       ?itoa@@YAPADHPAD@Z         00100460 f   init.obj
 0001:000000d0       ?printf@@YAXPAD@Z          001004d0 f   init.obj
 0001:00000180       _main                      00100580 f   init.obj
 0001:00000550       ?Num@Kernel@@YAHXZ         00100950 f   Mem.obj
 0001:00000590       ?free@Kernel@@YAXPAX@Z     00100990 f   Mem.obj
 0001:00000610       ?initMem@Kernel@@YAXXZ     00100a10 f   Mem.obj
 0001:00000660       ?malloc@Kernel@@YAPAXI@Z   00100a60 f   Mem.obj
 0001:00000740       ??0Terminal@@QAE@IIIIE@Z   00100b40 f   Terminal.obj
 0001:000007c0       ??1Terminal@@UAE@XZ        00100bc0 f   Terminal.obj
 0001:000007e0       ??_ETerminal@@UAEPAXI@Z    00100be0 f i Terminal.obj
 0001:000007e0       ??_GTerminal@@UAEPAXI@Z    00100be0 f i Terminal.obj
 0001:00000810       ?clrScreen@Terminal@@QAEXXZ 00100c10 f   Terminal.obj
 0001:00000890       ?makeColor@Terminal@@SAEW4colors_t@1@0@Z 00100c90 f   Terminal.obj
 0001:000008b0       ?moveHCursor@Terminal@@AAEXXZ 00100cb0 f   Terminal.obj
 0001:00000950       ?printf@Terminal@@QAAXPBDZZ 00100d50 f   Terminal.obj
 0001:00000970       ?putC@Terminal@@QAEXD@Z    00100d70 f   Terminal.obj
 0001:00000a40       ?putS@Terminal@@QAEXPBD@Z  00100e40 f   Terminal.obj
 0001:00000a80       ?scroll@Terminal@@QAEXI@Z  00100e80 f   Terminal.obj
 0002:000000e0       ??_7Terminal@@6B@          001010e0     Terminal.obj
 0003:00000000       __fltused                  00101400     clib.obj
 0003:00000004       ?ras@Kernel@@3PADA         00101404     Mem.obj
 0003:00000008       ?i@@3HA                    00101408     init.obj
 0003:0000000c       ?a@Kernel@@3HA             0010140c     Mem.obj
 0004:00000000       ?initPtrMem@Kernel@@3Umemptr_t@1@A 00101800     Mem.obj

 entry point at        0000:00000000

 Static symbols

 0001:00000940       ?outb@@YAXGE@Z             00100d40 f   Terminal.obj
 0002:00000038       $SG2824                    00101038     init.obj
 0002:00000044       $SG2834                    00101044     init.obj
 0002:00000054       $SG2844                    00101054     init.obj
 0002:00000058       $SG2851                    00101058     init.obj
 0002:0000005c       $SG2852                    0010105c     init.obj
 0002:00000064       $SG2857                    00101064     init.obj
 0002:00000068       $SG2862                    00101068     init.obj
 0002:0000006c       $SG2864                    0010106c     init.obj
 0002:00000094       $SG2876                    00101094     init.obj
 0002:00000098       $SG2878                    00101098     init.obj
 0002:0000009c       $SG2880                    0010109c     init.obj
 0002:000000a0       $SG2889                    001010a0     init.obj
 0002:000000a4       $SG2894                    001010a4     init.obj
 0002:000000a8       $SG2896                    001010a8     init.obj
 0002:000000ac       $SG2898                    001010ac     init.obj
 0002:000000b0       $SG2907                    001010b0     init.obj
 0002:000000b4       $SG2912                    001010b4     init.obj
 0002:000000b8       $SG2914                    001010b8     init.obj
 0002:000000bc       $SG2916                    001010bc     init.obj
 0002:000000c0       $SG2700                    001010c0     Mem.obj
 0002:000000d8       $SG2750                    001010d8     Mem.obj
