 Kernel

 Timestamp is 55813e2f (Wed Jun 17 02:30:23 2015)

 Preferred load address is 00100000

 Start         Length     Name                   Class
 0001:00000000 000007aeH .text$mn                CODE
 0002:00000000 00000069H .rdata                  DATA
 0002:0000006c 00000084H .rdata$debug            DATA
 0003:00000000 00000008H .data                   DATA
 0003:00000008 00000008H .bss                    DATA
 0004:00000000 0000000aH end                     DATA

  Address         Publics by Value              Rva+Base       Lib:Object

 0000:00000000       ___safe_se_handler_count   00000000     <absolute>
 0000:00000000       ___guard_flags             00000000     <absolute>
 0000:00000000       ___safe_se_handler_table   00000000     <absolute>
 0000:00000000       ___guard_fids_count        00000000     <absolute>
 0000:00000000       ___guard_fids_table        00000000     <absolute>
 0001:00000000       ?multiboot_entry@@YAXXZ    00100400 f   init.obj
 0001:00000050       ??3@YAXPAX@Z               00100450 f   clib.obj
 0001:00000060       ??0CPU@@QAE@XZ             00100460 f   CPU.obj
 0001:00000080       ??1Terminal@@UAE@XZ        00100480 f   Terminal.obj
 0001:00000080       ??1CPU@@UAE@XZ             00100480 f   CPU.obj
 0001:000000a0       ??_GTerminal@@UAEPAXI@Z    001004a0 f i Terminal.obj
 0001:000000a0       ??_ETerminal@@UAEPAXI@Z    001004a0 f i Terminal.obj
 0001:000000a0       ??_ECPU@@UAEPAXI@Z         001004a0 f i CPU.obj
 0001:000000a0       ??_GCPU@@UAEPAXI@Z         001004a0 f i CPU.obj
 0001:00000180       ?init@CPU@@QAEXXZ          00100580 f   CPU.obj
 0001:000001a0       ?initGDT@CPU@@QAEXXZ       001005a0 f   CPU.obj
 0001:000002f0       _main                      001006f0 f   init.obj
 0001:00000350       ??0Terminal@@QAE@IIIIE@Z   00100750 f   Terminal.obj
 0001:000003d0       ??0Terminal@@QAE@XZ        001007d0 f   Terminal.obj
 0001:00000440       ?clrScreen@Terminal@@QAEXXZ 00100840 f   Terminal.obj
 0001:000004c0       ?makeColor@Terminal@@SAEW4colors_t@1@0@Z 001008c0 f   Terminal.obj
 0001:000004e0       ?moveHCursor@Terminal@@AAEXXZ 001008e0 f   Terminal.obj
 0001:00000580       ?putC@Terminal@@QAEXD@Z    00100980 f   Terminal.obj
 0001:00000650       ?putS@Terminal@@QAEXPBD@Z  00100a50 f   Terminal.obj
 0001:00000690       ?scroll@Terminal@@QAEXI@Z  00100a90 f   Terminal.obj
 0002:00000040       ??_7Terminal@@6B@          00100c40     Terminal.obj
 0002:00000040       ??_7CPU@@6B@               00100c40     CPU.obj
 0003:00000000       __fltused                  00101000     clib.obj
 0003:00000004       ?ras@Kernel@@3PADA         00101004     Mem.obj
 0003:00000008       ?GDT@@3PAUgdt_entry_struct@CPU@@A 00101008     CPU.obj
 0003:0000000c       ?a@Kernel@@3HA             0010100c     Mem.obj
 0004:00000000       ?initPtrMem@Kernel@@3Umemptr_t@1@A 00101400     Mem.obj

 entry point at        0000:00000000

 Static symbols

 0001:000000d0       ?gdt_set_gate@@YAXIIIEE@Z  001004d0 f   CPU.obj
 0001:00000280       ?lgdt@@YAXPAXG@Z           00100680 f   CPU.obj
 0001:000002b0       ?refreshGDT@@YAXGG@Z       001006b0 f   init.obj
 0001:000002b0       ?refreshGDT@@YAXGG@Z       001006b0 f   init.obj
 0001:00000570       ?outb@@YAXGE@Z             00100970 f   Terminal.obj
 0002:00000038       $SG2911                    00100c38     CPU.obj
 0002:00000044       $SG2900                    00100c44     init.obj
 0002:0000004c       $SG2700                    00100c4c     Mem.obj
 0002:00000064       $SG2750                    00100c64     Mem.obj
